Archive member included because of file (symbol)

../serialCom_bsp/\libhal_bsp.a(alt_getchar.o)
                              obj/default/hello_world_small.o (alt_getchar)
../serialCom_bsp/\libhal_bsp.a(alt_load.o)
                              ../serialCom_bsp//obj/HAL/src/crt0.o (alt_load)
../serialCom_bsp/\libhal_bsp.a(alt_main.o)
                              ../serialCom_bsp//obj/HAL/src/crt0.o (alt_main)
../serialCom_bsp/\libhal_bsp.a(alt_putstr.o)
                              obj/default/hello_world_small.o (alt_putstr)
../serialCom_bsp/\libhal_bsp.a(alt_sys_init.o)
                              ../serialCom_bsp/\libhal_bsp.a(alt_main.o) (alt_irq_init)
../serialCom_bsp/\libhal_bsp.a(altera_avalon_jtag_uart_read.o)
                              ../serialCom_bsp/\libhal_bsp.a(alt_getchar.o) (altera_avalon_jtag_uart_read)
../serialCom_bsp/\libhal_bsp.a(altera_avalon_jtag_uart_write.o)
                              ../serialCom_bsp/\libhal_bsp.a(alt_putstr.o) (altera_avalon_jtag_uart_write)
../serialCom_bsp/\libhal_bsp.a(alt_dcache_flush_all.o)
                              ../serialCom_bsp/\libhal_bsp.a(alt_load.o) (alt_dcache_flush_all)
../serialCom_bsp/\libhal_bsp.a(alt_dev.o)
                              ../serialCom_bsp/\libhal_bsp.a(alt_getchar.o) (alt_fd_list)
../serialCom_bsp/\libhal_bsp.a(alt_icache_flush_all.o)
                              ../serialCom_bsp/\libhal_bsp.a(alt_load.o) (alt_icache_flush_all)
../serialCom_bsp/\libhal_bsp.a(altera_nios2_qsys_irq.o)
                              ../serialCom_bsp/\libhal_bsp.a(alt_sys_init.o) (altera_nios2_qsys_irq_init)
c:/altera/14.0/nios2eds/bin/gnu/h-x86_64-mingw32/bin/../lib/gcc/nios2-elf/4.7.3/../../../../../H-x86_64-mingw32/nios2-elf/lib/mno-hw-mul\libsmallc.a(lib_a-strlen.o)
                              ../serialCom_bsp/\libhal_bsp.a(alt_putstr.o) (strlen)

Memory Configuration

Name             Origin             Length             Attributes
reset            0x0000000000010000 0x0000000000000020
onchip_memory    0x0000000000010020 0x0000000000009fe0
*default*        0x0000000000000000 0xffffffffffffffff

Linker script and memory map

LOAD ../serialCom_bsp//obj/HAL/src/crt0.o
LOAD obj/default/hello_world_small.o
LOAD c:/altera/14.0/nios2eds/bin/gnu/h-x86_64-mingw32/bin/../lib/gcc/nios2-elf/4.7.3/../../../../../H-x86_64-mingw32/nios2-elf/lib/mno-hw-mul\libstdc++.a
LOAD c:/altera/14.0/nios2eds/bin/gnu/h-x86_64-mingw32/bin/../lib/gcc/nios2-elf/4.7.3/../../../../../H-x86_64-mingw32/nios2-elf/lib/mno-hw-mul\libm.a
LOAD c:/altera/14.0/nios2eds/bin/gnu/h-x86_64-mingw32/bin/../lib/gcc/nios2-elf/4.7.3/mno-hw-mul\libgcc.a
START GROUP
LOAD c:/altera/14.0/nios2eds/bin/gnu/h-x86_64-mingw32/bin/../lib/gcc/nios2-elf/4.7.3/../../../../../H-x86_64-mingw32/nios2-elf/lib/mno-hw-mul\libsmallc.a
LOAD c:/altera/14.0/nios2eds/bin/gnu/h-x86_64-mingw32/bin/../lib/gcc/nios2-elf/4.7.3/mno-hw-mul\libgcc.a
LOAD ../serialCom_bsp/\libhal_bsp.a
END GROUP
LOAD c:/altera/14.0/nios2eds/bin/gnu/h-x86_64-mingw32/bin/../lib/gcc/nios2-elf/4.7.3/mno-hw-mul\libgcc.a
                0x0000000000010000                __alt_mem_onchip_memory = 0x10000

.entry          0x0000000000010000       0x20
 *(.entry)
 .entry         0x0000000000010000       0x20 ../serialCom_bsp//obj/HAL/src/crt0.o
                0x0000000000010000                __reset
                0x000000000001000c                _exit

.exceptions     0x0000000000010020        0x0
                0x0000000000010020                PROVIDE (__ram_exceptions_start, ABSOLUTE (.))
                0x0000000000010020                . = ALIGN (0x20)
 *(.irq)
 *(.exceptions.entry.label)
 *(.exceptions.entry.user)
 *(.exceptions.entry.ecc_fatal)
 *(.exceptions.entry)
 *(.exceptions.irqtest.user)
 *(.exceptions.irqtest)
 *(.exceptions.irqhandler.user)
 *(.exceptions.irqhandler)
 *(.exceptions.irqreturn.user)
 *(.exceptions.irqreturn)
 *(.exceptions.notirq.label)
 *(.exceptions.notirq.user)
 *(.exceptions.notirq)
 *(.exceptions.soft.user)
 *(.exceptions.soft)
 *(.exceptions.unknown.user)
 *(.exceptions.unknown)
 *(.exceptions.exit.label)
 *(.exceptions.exit.user)
 *(.exceptions.exit)
 *(.exceptions)
                0x0000000000010020                PROVIDE (__ram_exceptions_end, ABSOLUTE (.))
                0x0000000000010020                PROVIDE (__flash_exceptions_start, LOADADDR (.exceptions))

.text           0x0000000000010020      0x3a8
                0x0000000000010020                PROVIDE (stext, ABSOLUTE (.))
 *(.interp)
 *(.hash)
 *(.dynsym)
 *(.dynstr)
 *(.gnu.version)
 *(.gnu.version_d)
 *(.gnu.version_r)
 *(.rel.init)
 *(.rela.init)
 *(.rel.text .rel.text.* .rel.gnu.linkonce.t.*)
 *(.rela.text .rela.text.* .rela.gnu.linkonce.t.*)
 *(.rel.fini)
 *(.rela.fini)
 *(.rel.rodata .rel.rodata.* .rel.gnu.linkonce.r.*)
 *(.rela.rodata .rela.rodata.* .rela.gnu.linkonce.r.*)
 *(.rel.data .rel.data.* .rel.gnu.linkonce.d.*)
 *(.rela.data .rela.data.* .rela.gnu.linkonce.d.*)
 *(.rel.tdata .rel.tdata.* .rel.gnu.linkonce.td.*)
 *(.rela.tdata .rela.tdata.* .rela.gnu.linkonce.td.*)
 *(.rel.tbss .rel.tbss.* .rel.gnu.linkonce.tb.*)
 *(.rela.tbss .rela.tbss.* .rela.gnu.linkonce.tb.*)
 *(.rel.ctors)
 *(.rela.ctors)
 *(.rel.dtors)
 *(.rela.dtors)
 *(.rel.got)
 *(.rela.got)
 *(.rel.sdata .rel.sdata.* .rel.gnu.linkonce.s.*)
 *(.rela.sdata .rela.sdata.* .rela.gnu.linkonce.s.*)
 *(.rel.sbss .rel.sbss.* .rel.gnu.linkonce.sb.*)
 *(.rela.sbss .rela.sbss.* .rela.gnu.linkonce.sb.*)
 *(.rel.sdata2 .rel.sdata2.* .rel.gnu.linkonce.s2.*)
 *(.rela.sdata2 .rela.sdata2.* .rela.gnu.linkonce.s2.*)
 *(.rel.sbss2 .rel.sbss2.* .rel.gnu.linkonce.sb2.*)
 *(.rela.sbss2 .rela.sbss2.* .rela.gnu.linkonce.sb2.*)
 *(.rel.bss .rel.bss.* .rel.gnu.linkonce.b.*)
 *(.rela.bss .rela.bss.* .rela.gnu.linkonce.b.*)
 *(.rel.plt)
 *(.rela.plt)
 *(.rel.dyn)
 *(.init)
 *(.plt)
 *(.text .stub .text.* .gnu.linkonce.t.*)
 .text          0x0000000000010020       0x3c ../serialCom_bsp//obj/HAL/src/crt0.o
                0x0000000000010020                _start
 .text          0x000000000001005c       0x2c obj/default/hello_world_small.o
                0x000000000001005c                parity
 .text.startup  0x0000000000010088       0xa0 obj/default/hello_world_small.o
                0x0000000000010088                main
 .text          0x0000000000010128       0x44 ../serialCom_bsp/\libhal_bsp.a(alt_getchar.o)
                0x0000000000010128                alt_getchar
 .text          0x000000000001016c      0x104 ../serialCom_bsp/\libhal_bsp.a(alt_load.o)
                0x000000000001016c                alt_load
 .text          0x0000000000010270       0x2c ../serialCom_bsp/\libhal_bsp.a(alt_main.o)
                0x0000000000010270                alt_main
 .text          0x000000000001029c       0x38 ../serialCom_bsp/\libhal_bsp.a(alt_putstr.o)
                0x000000000001029c                alt_putstr
 .text          0x00000000000102d4       0x24 ../serialCom_bsp/\libhal_bsp.a(alt_sys_init.o)
                0x00000000000102d4                alt_irq_init
                0x00000000000102f4                alt_sys_init
 .text          0x00000000000102f8       0x5c ../serialCom_bsp/\libhal_bsp.a(altera_avalon_jtag_uart_read.o)
                0x00000000000102f8                altera_avalon_jtag_uart_read
 .text          0x0000000000010354       0x34 ../serialCom_bsp/\libhal_bsp.a(altera_avalon_jtag_uart_write.o)
                0x0000000000010354                altera_avalon_jtag_uart_write
 .text          0x0000000000010388        0x4 ../serialCom_bsp/\libhal_bsp.a(alt_dcache_flush_all.o)
                0x0000000000010388                alt_dcache_flush_all
 .text          0x000000000001038c        0x8 ../serialCom_bsp/\libhal_bsp.a(alt_dev.o)
 .text          0x0000000000010394        0x4 ../serialCom_bsp/\libhal_bsp.a(alt_icache_flush_all.o)
                0x0000000000010394                alt_icache_flush_all
 .text          0x0000000000010398        0x8 ../serialCom_bsp/\libhal_bsp.a(altera_nios2_qsys_irq.o)
                0x0000000000010398                altera_nios2_qsys_irq_init
 .text          0x00000000000103a0       0x28 c:/altera/14.0/nios2eds/bin/gnu/h-x86_64-mingw32/bin/../lib/gcc/nios2-elf/4.7.3/../../../../../H-x86_64-mingw32/nios2-elf/lib/mno-hw-mul\libsmallc.a(lib_a-strlen.o)
                0x00000000000103a0                strlen
 *(.gnu.warning.*)
 *(.fini)
                0x00000000000103c8                PROVIDE (__etext, ABSOLUTE (.))
                0x00000000000103c8                PROVIDE (_etext, ABSOLUTE (.))
                0x00000000000103c8                PROVIDE (etext, ABSOLUTE (.))
 *(.eh_frame_hdr)
                0x00000000000103c8                . = ALIGN (0x4)
                0x00000000000103c8                PROVIDE (__preinit_array_start, ABSOLUTE (.))
 *(.preinit_array)
                0x00000000000103c8                PROVIDE (__preinit_array_end, ABSOLUTE (.))
                0x00000000000103c8                PROVIDE (__init_array_start, ABSOLUTE (.))
 *(.init_array)
                0x00000000000103c8                PROVIDE (__init_array_end, ABSOLUTE (.))
                0x00000000000103c8                PROVIDE (__fini_array_start, ABSOLUTE (.))
 *(.fini_array)
                0x00000000000103c8                PROVIDE (__fini_array_end, ABSOLUTE (.))
 *(.eh_frame)
 *(.gcc_except_table .gcc_except_table.*)
 *(.dynamic)
                0x00000000000103c8                PROVIDE (__CTOR_LIST__, ABSOLUTE (.))
 *(.ctors)
 *(SORT(.ctors.*))
                0x00000000000103c8                PROVIDE (__CTOR_END__, ABSOLUTE (.))
                0x00000000000103c8                PROVIDE (__DTOR_LIST__, ABSOLUTE (.))
 *(.dtors)
 *(SORT(.dtors.*))
                0x00000000000103c8                PROVIDE (__DTOR_END__, ABSOLUTE (.))
 *(.jcr)
                0x00000000000103c8                . = ALIGN (0x4)

.rodata         0x00000000000103c8       0x1c
                0x00000000000103c8                PROVIDE (__ram_rodata_start, ABSOLUTE (.))
                0x00000000000103c8                . = ALIGN (0x4)
 *(.rodata .rodata.* .gnu.linkonce.r.*)
 .rodata.str1.4
                0x00000000000103c8        0xd obj/default/hello_world_small.o
                                         0x10 (size before relaxing)
 *fill*         0x00000000000103d5        0x3 
 .rodata.str1.4
                0x00000000000103d8        0xc ../serialCom_bsp/\libhal_bsp.a(alt_dev.o)
 *(.rodata1)
                0x00000000000103e4                . = ALIGN (0x4)
                0x00000000000103e4                PROVIDE (__ram_rodata_end, ABSOLUTE (.))
                0x00000000000103c8                PROVIDE (__flash_rodata_start, LOADADDR (.rodata))

.rwdata         0x00000000000103e4       0x70 load address 0x0000000000010454
                0x00000000000103e4                PROVIDE (__ram_rwdata_start, ABSOLUTE (.))
                0x00000000000103e4                . = ALIGN (0x4)
 *(.got.plt)
 *(.got)
 *(.data1)
 *(.data .data.* .gnu.linkonce.d.*)
 .data          0x00000000000103e4        0x0 ../serialCom_bsp//obj/HAL/src/crt0.o
 .data          0x00000000000103e4        0x0 obj/default/hello_world_small.o
 .data          0x00000000000103e4        0x0 ../serialCom_bsp/\libhal_bsp.a(alt_getchar.o)
 .data          0x00000000000103e4        0x0 ../serialCom_bsp/\libhal_bsp.a(alt_load.o)
 .data          0x00000000000103e4        0x0 ../serialCom_bsp/\libhal_bsp.a(alt_main.o)
 .data          0x00000000000103e4        0x0 ../serialCom_bsp/\libhal_bsp.a(alt_putstr.o)
 .data          0x00000000000103e4        0x0 ../serialCom_bsp/\libhal_bsp.a(alt_sys_init.o)
 .data          0x00000000000103e4        0x0 ../serialCom_bsp/\libhal_bsp.a(altera_avalon_jtag_uart_read.o)
 .data          0x00000000000103e4        0x0 ../serialCom_bsp/\libhal_bsp.a(altera_avalon_jtag_uart_write.o)
 .data          0x00000000000103e4        0x0 ../serialCom_bsp/\libhal_bsp.a(alt_dcache_flush_all.o)
 .data          0x00000000000103e4       0x58 ../serialCom_bsp/\libhal_bsp.a(alt_dev.o)
                0x00000000000103e4                alt_fd_list
                0x0000000000010414                alt_dev_null
 .data          0x000000000001043c        0x0 ../serialCom_bsp/\libhal_bsp.a(alt_icache_flush_all.o)
 .data          0x000000000001043c        0x0 ../serialCom_bsp/\libhal_bsp.a(altera_nios2_qsys_irq.o)
 .data          0x000000000001043c        0x0 c:/altera/14.0/nios2eds/bin/gnu/h-x86_64-mingw32/bin/../lib/gcc/nios2-elf/4.7.3/../../../../../H-x86_64-mingw32/nios2-elf/lib/mno-hw-mul\libsmallc.a(lib_a-strlen.o)
                0x000000000001843c                _gp = ABSOLUTE ((. + 0x8000))
                0x000000000001843c                PROVIDE (gp, _gp)
 *(.rwdata .rwdata.*)
 *(.sdata .sdata.* .gnu.linkonce.s.*)
 .sdata         0x000000000001043c        0x4 ../serialCom_bsp/\libhal_bsp.a(alt_sys_init.o)
                0x000000000001043c                jtag_uart
 .sdata         0x0000000000010440       0x14 ../serialCom_bsp/\libhal_bsp.a(alt_dev.o)
                0x0000000000010440                alt_max_fd
                0x0000000000010444                alt_dev_list
                0x000000000001044c                alt_fs_list
 *(.sdata2 .sdata2.* .gnu.linkonce.s2.*)
                0x0000000000010454                . = ALIGN (0x4)
                0x0000000000010454                _edata = ABSOLUTE (.)
                0x0000000000010454                PROVIDE (edata, ABSOLUTE (.))
                0x0000000000010454                PROVIDE (__ram_rwdata_end, ABSOLUTE (.))
                0x0000000000010454                PROVIDE (__flash_rwdata_start, LOADADDR (.rwdata))

.bss            0x00000000000104c4        0xc
                0x00000000000104c4                __bss_start = ABSOLUTE (.)
                0x00000000000104c4                PROVIDE (__sbss_start, ABSOLUTE (.))
                0x00000000000104c4                PROVIDE (___sbss_start, ABSOLUTE (.))
 *(.dynsbss)
 *(.sbss .sbss.* .gnu.linkonce.sb.*)
 .sbss          0x00000000000104c4        0xc ../serialCom_bsp/\libhal_bsp.a(alt_main.o)
                0x00000000000104c4                alt_envp
                0x00000000000104c8                alt_argv
                0x00000000000104cc                alt_argc
 *(.sbss2 .sbss2.* .gnu.linkonce.sb2.*)
 *(.scommon)
                0x00000000000104d0                PROVIDE (__sbss_end, ABSOLUTE (.))
                0x00000000000104d0                PROVIDE (___sbss_end, ABSOLUTE (.))
 *(.dynbss)
 *(.bss .bss.* .gnu.linkonce.b.*)
 .bss           0x00000000000104d0        0x0 ../serialCom_bsp//obj/HAL/src/crt0.o
 .bss           0x00000000000104d0        0x0 obj/default/hello_world_small.o
 .bss           0x00000000000104d0        0x0 ../serialCom_bsp/\libhal_bsp.a(alt_getchar.o)
 .bss           0x00000000000104d0        0x0 ../serialCom_bsp/\libhal_bsp.a(alt_load.o)
 .bss           0x00000000000104d0        0x0 ../serialCom_bsp/\libhal_bsp.a(alt_main.o)
 .bss           0x00000000000104d0        0x0 ../serialCom_bsp/\libhal_bsp.a(alt_putstr.o)
 .bss           0x00000000000104d0        0x0 ../serialCom_bsp/\libhal_bsp.a(alt_sys_init.o)
 .bss           0x00000000000104d0        0x0 ../serialCom_bsp/\libhal_bsp.a(altera_avalon_jtag_uart_read.o)
 .bss           0x00000000000104d0        0x0 ../serialCom_bsp/\libhal_bsp.a(altera_avalon_jtag_uart_write.o)
 .bss           0x00000000000104d0        0x0 ../serialCom_bsp/\libhal_bsp.a(alt_dcache_flush_all.o)
 .bss           0x00000000000104d0        0x0 ../serialCom_bsp/\libhal_bsp.a(alt_dev.o)
 .bss           0x00000000000104d0        0x0 ../serialCom_bsp/\libhal_bsp.a(alt_icache_flush_all.o)
 .bss           0x00000000000104d0        0x0 ../serialCom_bsp/\libhal_bsp.a(altera_nios2_qsys_irq.o)
 .bss           0x00000000000104d0        0x0 c:/altera/14.0/nios2eds/bin/gnu/h-x86_64-mingw32/bin/../lib/gcc/nios2-elf/4.7.3/../../../../../H-x86_64-mingw32/nios2-elf/lib/mno-hw-mul\libsmallc.a(lib_a-strlen.o)
 *(COMMON)
                0x00000000000104d0                . = ALIGN (0x4)
                0x00000000000104d0                __bss_end = ABSOLUTE (.)

.onchip_memory  0x00000000000104d0        0x0
                0x00000000000104d0                PROVIDE (_alt_partition_onchip_memory_start, ABSOLUTE (.))
 *(.onchip_memory .onchip_memory. onchip_memory.*)
                0x00000000000104d0                . = ALIGN (0x4)
                0x00000000000104d0                PROVIDE (_alt_partition_onchip_memory_end, ABSOLUTE (.))
                0x00000000000104d0                _end = ABSOLUTE (.)
                0x00000000000104d0                end = ABSOLUTE (.)
                0x00000000000104d0                __alt_stack_base = ABSOLUTE (.)
                0x00000000000104d0                PROVIDE (_alt_partition_onchip_memory_load_addr, LOADADDR (.onchip_memory))

.stab
 *(.stab)

.stabstr
 *(.stabstr)

.stab.excl
 *(.stab.excl)

.stab.exclstr
 *(.stab.exclstr)

.stab.index
 *(.stab.index)

.stab.indexstr
 *(.stab.indexstr)

.comment        0x0000000000000000       0x23
 *(.comment)
 .comment       0x0000000000000000       0x23 obj/default/hello_world_small.o
                                         0x24 (size before relaxing)
 .comment       0x0000000000000000       0x24 ../serialCom_bsp/\libhal_bsp.a(alt_getchar.o)
 .comment       0x0000000000000000       0x24 ../serialCom_bsp/\libhal_bsp.a(alt_load.o)
 .comment       0x0000000000000000       0x24 ../serialCom_bsp/\libhal_bsp.a(alt_main.o)
 .comment       0x0000000000000000       0x24 ../serialCom_bsp/\libhal_bsp.a(alt_putstr.o)
 .comment       0x0000000000000000       0x24 ../serialCom_bsp/\libhal_bsp.a(alt_sys_init.o)
 .comment       0x0000000000000000       0x24 ../serialCom_bsp/\libhal_bsp.a(altera_avalon_jtag_uart_read.o)
 .comment       0x0000000000000000       0x24 ../serialCom_bsp/\libhal_bsp.a(altera_avalon_jtag_uart_write.o)
 .comment       0x0000000000000000       0x24 ../serialCom_bsp/\libhal_bsp.a(alt_dcache_flush_all.o)
 .comment       0x0000000000000000       0x24 ../serialCom_bsp/\libhal_bsp.a(alt_dev.o)
 .comment       0x0000000000000000       0x24 ../serialCom_bsp/\libhal_bsp.a(alt_icache_flush_all.o)
 .comment       0x0000000000000000       0x24 ../serialCom_bsp/\libhal_bsp.a(altera_nios2_qsys_irq.o)
 .comment       0x0000000000000000       0x24 c:/altera/14.0/nios2eds/bin/gnu/h-x86_64-mingw32/bin/../lib/gcc/nios2-elf/4.7.3/../../../../../H-x86_64-mingw32/nios2-elf/lib/mno-hw-mul\libsmallc.a(lib_a-strlen.o)

.debug
 *(.debug)

.line
 *(.line)

.debug_srcinfo
 *(.debug_srcinfo)

.debug_sfnames
 *(.debug_sfnames)

.debug_aranges  0x0000000000000000      0x1d0
 *(.debug_aranges)
 .debug_aranges
                0x0000000000000000       0x28 ../serialCom_bsp//obj/HAL/src/crt0.o
 .debug_aranges
                0x0000000000000028       0x28 obj/default/hello_world_small.o
 .debug_aranges
                0x0000000000000050       0x20 ../serialCom_bsp/\libhal_bsp.a(alt_getchar.o)
 .debug_aranges
                0x0000000000000070       0x20 ../serialCom_bsp/\libhal_bsp.a(alt_load.o)
 .debug_aranges
                0x0000000000000090       0x20 ../serialCom_bsp/\libhal_bsp.a(alt_main.o)
 .debug_aranges
                0x00000000000000b0       0x20 ../serialCom_bsp/\libhal_bsp.a(alt_putstr.o)
 .debug_aranges
                0x00000000000000d0       0x20 ../serialCom_bsp/\libhal_bsp.a(alt_sys_init.o)
 .debug_aranges
                0x00000000000000f0       0x20 ../serialCom_bsp/\libhal_bsp.a(altera_avalon_jtag_uart_read.o)
 .debug_aranges
                0x0000000000000110       0x20 ../serialCom_bsp/\libhal_bsp.a(altera_avalon_jtag_uart_write.o)
 .debug_aranges
                0x0000000000000130       0x20 ../serialCom_bsp/\libhal_bsp.a(alt_dcache_flush_all.o)
 .debug_aranges
                0x0000000000000150       0x20 ../serialCom_bsp/\libhal_bsp.a(alt_dev.o)
 .debug_aranges
                0x0000000000000170       0x20 ../serialCom_bsp/\libhal_bsp.a(alt_icache_flush_all.o)
 .debug_aranges
                0x0000000000000190       0x20 ../serialCom_bsp/\libhal_bsp.a(altera_nios2_qsys_irq.o)
 .debug_aranges
                0x00000000000001b0       0x20 c:/altera/14.0/nios2eds/bin/gnu/h-x86_64-mingw32/bin/../lib/gcc/nios2-elf/4.7.3/../../../../../H-x86_64-mingw32/nios2-elf/lib/mno-hw-mul\libsmallc.a(lib_a-strlen.o)

.debug_pubnames
 *(.debug_pubnames)

.debug_info     0x0000000000000000     0x16a7
 *(.debug_info .gnu.linkonce.wi.*)
 .debug_info    0x0000000000000000       0x7c ../serialCom_bsp//obj/HAL/src/crt0.o
 .debug_info    0x000000000000007c      0x197 obj/default/hello_world_small.o
 .debug_info    0x0000000000000213      0x374 ../serialCom_bsp/\libhal_bsp.a(alt_getchar.o)
 .debug_info    0x0000000000000587      0x1d9 ../serialCom_bsp/\libhal_bsp.a(alt_load.o)
 .debug_info    0x0000000000000760      0x194 ../serialCom_bsp/\libhal_bsp.a(alt_main.o)
 .debug_info    0x00000000000008f4      0x171 ../serialCom_bsp/\libhal_bsp.a(alt_putstr.o)
 .debug_info    0x0000000000000a65      0x193 ../serialCom_bsp/\libhal_bsp.a(alt_sys_init.o)
 .debug_info    0x0000000000000bf8      0x1bd ../serialCom_bsp/\libhal_bsp.a(altera_avalon_jtag_uart_read.o)
 .debug_info    0x0000000000000db5      0x1a0 ../serialCom_bsp/\libhal_bsp.a(altera_avalon_jtag_uart_write.o)
 .debug_info    0x0000000000000f55       0x8f ../serialCom_bsp/\libhal_bsp.a(alt_dcache_flush_all.o)
 .debug_info    0x0000000000000fe4      0x4df ../serialCom_bsp/\libhal_bsp.a(alt_dev.o)
 .debug_info    0x00000000000014c3       0x8f ../serialCom_bsp/\libhal_bsp.a(alt_icache_flush_all.o)
 .debug_info    0x0000000000001552       0x8f ../serialCom_bsp/\libhal_bsp.a(altera_nios2_qsys_irq.o)
 .debug_info    0x00000000000015e1       0xc6 c:/altera/14.0/nios2eds/bin/gnu/h-x86_64-mingw32/bin/../lib/gcc/nios2-elf/4.7.3/../../../../../H-x86_64-mingw32/nios2-elf/lib/mno-hw-mul\libsmallc.a(lib_a-strlen.o)

.debug_abbrev   0x0000000000000000      0xa21
 *(.debug_abbrev)
 .debug_abbrev  0x0000000000000000       0x12 ../serialCom_bsp//obj/HAL/src/crt0.o
 .debug_abbrev  0x0000000000000012      0x11c obj/default/hello_world_small.o
 .debug_abbrev  0x000000000000012e      0x11f ../serialCom_bsp/\libhal_bsp.a(alt_getchar.o)
 .debug_abbrev  0x000000000000024d       0xd8 ../serialCom_bsp/\libhal_bsp.a(alt_load.o)
 .debug_abbrev  0x0000000000000325      0x120 ../serialCom_bsp/\libhal_bsp.a(alt_main.o)
 .debug_abbrev  0x0000000000000445       0xe2 ../serialCom_bsp/\libhal_bsp.a(alt_putstr.o)
 .debug_abbrev  0x0000000000000527      0x105 ../serialCom_bsp/\libhal_bsp.a(alt_sys_init.o)
 .debug_abbrev  0x000000000000062c      0x102 ../serialCom_bsp/\libhal_bsp.a(altera_avalon_jtag_uart_read.o)
 .debug_abbrev  0x000000000000072e       0xd5 ../serialCom_bsp/\libhal_bsp.a(altera_avalon_jtag_uart_write.o)
 .debug_abbrev  0x0000000000000803       0x42 ../serialCom_bsp/\libhal_bsp.a(alt_dcache_flush_all.o)
 .debug_abbrev  0x0000000000000845       0xd9 ../serialCom_bsp/\libhal_bsp.a(alt_dev.o)
 .debug_abbrev  0x000000000000091e       0x42 ../serialCom_bsp/\libhal_bsp.a(alt_icache_flush_all.o)
 .debug_abbrev  0x0000000000000960       0x42 ../serialCom_bsp/\libhal_bsp.a(altera_nios2_qsys_irq.o)
 .debug_abbrev  0x00000000000009a2       0x7f c:/altera/14.0/nios2eds/bin/gnu/h-x86_64-mingw32/bin/../lib/gcc/nios2-elf/4.7.3/../../../../../H-x86_64-mingw32/nios2-elf/lib/mno-hw-mul\libsmallc.a(lib_a-strlen.o)

.debug_line     0x0000000000000000      0xb1b
 *(.debug_line)
 .debug_line    0x0000000000000000       0x66 ../serialCom_bsp//obj/HAL/src/crt0.o
 .debug_line    0x0000000000000066       0xdd obj/default/hello_world_small.o
 .debug_line    0x0000000000000143       0xad ../serialCom_bsp/\libhal_bsp.a(alt_getchar.o)
 .debug_line    0x00000000000001f0       0xd6 ../serialCom_bsp/\libhal_bsp.a(alt_load.o)
 .debug_line    0x00000000000002c6       0xbd ../serialCom_bsp/\libhal_bsp.a(alt_main.o)
 .debug_line    0x0000000000000383      0x127 ../serialCom_bsp/\libhal_bsp.a(alt_putstr.o)
 .debug_line    0x00000000000004aa      0x101 ../serialCom_bsp/\libhal_bsp.a(alt_sys_init.o)
 .debug_line    0x00000000000005ab      0x104 ../serialCom_bsp/\libhal_bsp.a(altera_avalon_jtag_uart_read.o)
 .debug_line    0x00000000000006af       0xf5 ../serialCom_bsp/\libhal_bsp.a(altera_avalon_jtag_uart_write.o)
 .debug_line    0x00000000000007a4       0x4e ../serialCom_bsp/\libhal_bsp.a(alt_dcache_flush_all.o)
 .debug_line    0x00000000000007f2      0x119 ../serialCom_bsp/\libhal_bsp.a(alt_dev.o)
 .debug_line    0x000000000000090b       0x4e ../serialCom_bsp/\libhal_bsp.a(alt_icache_flush_all.o)
 .debug_line    0x0000000000000959       0x50 ../serialCom_bsp/\libhal_bsp.a(altera_nios2_qsys_irq.o)
 .debug_line    0x00000000000009a9      0x172 c:/altera/14.0/nios2eds/bin/gnu/h-x86_64-mingw32/bin/../lib/gcc/nios2-elf/4.7.3/../../../../../H-x86_64-mingw32/nios2-elf/lib/mno-hw-mul\libsmallc.a(lib_a-strlen.o)

.debug_frame    0x0000000000000000      0x1fc
 *(.debug_frame)
 .debug_frame   0x0000000000000000       0x44 obj/default/hello_world_small.o
 .debug_frame   0x0000000000000044       0x28 ../serialCom_bsp/\libhal_bsp.a(alt_getchar.o)
 .debug_frame   0x000000000000006c       0x28 ../serialCom_bsp/\libhal_bsp.a(alt_load.o)
 .debug_frame   0x0000000000000094       0x28 ../serialCom_bsp/\libhal_bsp.a(alt_main.o)
 .debug_frame   0x00000000000000bc       0x28 ../serialCom_bsp/\libhal_bsp.a(alt_putstr.o)
 .debug_frame   0x00000000000000e4       0x38 ../serialCom_bsp/\libhal_bsp.a(alt_sys_init.o)
 .debug_frame   0x000000000000011c       0x20 ../serialCom_bsp/\libhal_bsp.a(altera_avalon_jtag_uart_read.o)
 .debug_frame   0x000000000000013c       0x20 ../serialCom_bsp/\libhal_bsp.a(altera_avalon_jtag_uart_write.o)
 .debug_frame   0x000000000000015c       0x20 ../serialCom_bsp/\libhal_bsp.a(alt_dcache_flush_all.o)
 .debug_frame   0x000000000000017c       0x20 ../serialCom_bsp/\libhal_bsp.a(alt_dev.o)
 .debug_frame   0x000000000000019c       0x20 ../serialCom_bsp/\libhal_bsp.a(alt_icache_flush_all.o)
 .debug_frame   0x00000000000001bc       0x20 ../serialCom_bsp/\libhal_bsp.a(altera_nios2_qsys_irq.o)
 .debug_frame   0x00000000000001dc       0x20 c:/altera/14.0/nios2eds/bin/gnu/h-x86_64-mingw32/bin/../lib/gcc/nios2-elf/4.7.3/../../../../../H-x86_64-mingw32/nios2-elf/lib/mno-hw-mul\libsmallc.a(lib_a-strlen.o)

.debug_str      0x0000000000000000      0x730
 *(.debug_str)
 .debug_str     0x0000000000000000       0xea obj/default/hello_world_small.o
                                        0x11b (size before relaxing)
 .debug_str     0x00000000000000ea      0x13d ../serialCom_bsp/\libhal_bsp.a(alt_getchar.o)
                                        0x1fb (size before relaxing)
 .debug_str     0x0000000000000227      0x11b ../serialCom_bsp/\libhal_bsp.a(alt_load.o)
                                        0x201 (size before relaxing)
 .debug_str     0x0000000000000342       0x5e ../serialCom_bsp/\libhal_bsp.a(alt_main.o)
                                        0x17a (size before relaxing)
 .debug_str     0x00000000000003a0       0x41 ../serialCom_bsp/\libhal_bsp.a(alt_putstr.o)
                                        0x15c (size before relaxing)
 .debug_str     0x00000000000003e1       0x86 ../serialCom_bsp/\libhal_bsp.a(alt_sys_init.o)
                                        0x1e9 (size before relaxing)
 .debug_str     0x0000000000000467       0x3d ../serialCom_bsp/\libhal_bsp.a(altera_avalon_jtag_uart_read.o)
                                        0x1e4 (size before relaxing)
 .debug_str     0x00000000000004a4       0x32 ../serialCom_bsp/\libhal_bsp.a(altera_avalon_jtag_uart_write.o)
                                        0x1da (size before relaxing)
 .debug_str     0x00000000000004d6       0x1f ../serialCom_bsp/\libhal_bsp.a(alt_dcache_flush_all.o)
                                        0x11a (size before relaxing)
 .debug_str     0x00000000000004f5      0x120 ../serialCom_bsp/\libhal_bsp.a(alt_dev.o)
                                        0x2ca (size before relaxing)
 .debug_str     0x0000000000000615       0x1f ../serialCom_bsp/\libhal_bsp.a(alt_icache_flush_all.o)
                                        0x11a (size before relaxing)
 .debug_str     0x0000000000000634       0x20 ../serialCom_bsp/\libhal_bsp.a(altera_nios2_qsys_irq.o)
                                        0x121 (size before relaxing)
 .debug_str     0x0000000000000654       0xdc c:/altera/14.0/nios2eds/bin/gnu/h-x86_64-mingw32/bin/../lib/gcc/nios2-elf/4.7.3/../../../../../H-x86_64-mingw32/nios2-elf/lib/mno-hw-mul\libsmallc.a(lib_a-strlen.o)
                                        0x18e (size before relaxing)

.debug_loc      0x0000000000000000      0x390
 *(.debug_loc)
 .debug_loc     0x0000000000000000      0x11c obj/default/hello_world_small.o
 .debug_loc     0x000000000000011c       0x40 ../serialCom_bsp/\libhal_bsp.a(alt_getchar.o)
 .debug_loc     0x000000000000015c       0x20 ../serialCom_bsp/\libhal_bsp.a(alt_load.o)
 .debug_loc     0x000000000000017c       0x20 ../serialCom_bsp/\libhal_bsp.a(alt_main.o)
 .debug_loc     0x000000000000019c       0x57 ../serialCom_bsp/\libhal_bsp.a(alt_putstr.o)
 .debug_loc     0x00000000000001f3       0x41 ../serialCom_bsp/\libhal_bsp.a(alt_sys_init.o)
 .debug_loc     0x0000000000000234       0xb5 ../serialCom_bsp/\libhal_bsp.a(altera_avalon_jtag_uart_read.o)
 .debug_loc     0x00000000000002e9       0x7e ../serialCom_bsp/\libhal_bsp.a(altera_avalon_jtag_uart_write.o)
 .debug_loc     0x0000000000000367       0x29 c:/altera/14.0/nios2eds/bin/gnu/h-x86_64-mingw32/bin/../lib/gcc/nios2-elf/4.7.3/../../../../../H-x86_64-mingw32/nios2-elf/lib/mno-hw-mul\libsmallc.a(lib_a-strlen.o)

.debug_macinfo
 *(.debug_macinfo)

.debug_weaknames
 *(.debug_weaknames)

.debug_funcnames
 *(.debug_funcnames)

.debug_typenames
 *(.debug_typenames)

.debug_varnames
 *(.debug_varnames)

.debug_alt_sim_info
                0x0000000000000000       0x10
 *(.debug_alt_sim_info)
 .debug_alt_sim_info
                0x0000000000000000       0x10 ../serialCom_bsp//obj/HAL/src/crt0.o
                0x000000000001a000                __alt_data_end = 0x1a000
                0x000000000001a000                PROVIDE (__alt_stack_pointer, __alt_data_end)
                0x00000000000104d0                PROVIDE (__alt_stack_limit, __alt_stack_base)
                0x00000000000104d0                PROVIDE (__alt_heap_start, end)
                0x000000000001a000                PROVIDE (__alt_heap_limit, 0x1a000)
OUTPUT(serialCom.elf elf32-littlenios2)

.debug_ranges   0x0000000000000000       0xa0
 .debug_ranges  0x0000000000000000       0x20 ../serialCom_bsp//obj/HAL/src/crt0.o
 .debug_ranges  0x0000000000000020       0x18 obj/default/hello_world_small.o
 .debug_ranges  0x0000000000000038       0x48 ../serialCom_bsp/\libhal_bsp.a(alt_load.o)
 .debug_ranges  0x0000000000000080       0x20 ../serialCom_bsp/\libhal_bsp.a(altera_avalon_jtag_uart_read.o)
